// Jest Snapshot v1, https://goo.gl/fbAQLP

exports[`Button label 1`] = `
<div
  className="button"
>
  <span
    data-testid="buttonLabel"
  >
    Hello
  </span>
</div>
`;
